
> backend@0.0.1 test:e2e
> jest --config ./test/jest-e2e.json test/products.e2e-spec.ts

node.exe : FAIL test/
products.e2e-spec.ts
At C:\Program Files\n
odejs\npm.ps1:29 
char:3
+   & $NODE_EXE 
$NPM_CLI_JS $args
+   ~~~~~~~~~~~~~~~~~
~~~~~~~~~~~~
    + CategoryInfo   
           : NotSpe  
  cified: (FAIL te   
 st/products.e2e-    
spec.ts:String)     
[], RemoteExcept    
ion
    + FullyQualified 
   ErrorId : Native  
  CommandError
 
  ProductsController 
(e2e)
    ├ù /products 
(POST) - Success 
(157 ms)
    ├ù /products 
(POST) - Validation 
Error (14 ms)
    ├ù /products 
(GET) (13 ms)
    ├ù /products/:id 
(GET) (9 ms)
    ├ù /products/:id 
(PATCH) (13 ms)
    ├ù /products/:id 
(DELETE) (9 ms)
    ├ù /products/:id 
(GET) - Not Found 
after delete (9 ms)

  ÔùÅ 
ProductsController 
(e2e) ÔÇ║ /products 
(POST) - Success

    TypeError: 
request is not a 
function

    [0m [90m 30 
|[39m
     [90m 31 |[39m 
    
it([32m'/products 
(POST) - Success'[39
m[33m,[39m 
[36masync[39m () 
[33m=>[39m {
    [31m[1m>[22m[
39m[90m 32 |[39m   
      
[36mconst[39m 
response [33m=[39m 
[36mawait[39m reque
st(app[33m.[39mgetH
ttpServer())
     [90m    |[39m 
                     
          
[31m[1m^[22m[39m
     [90m 33 |[39m 
            [33m.[3
9mpost([32m'/product
s'[39m)
     [90m 34 |[39m 
            
[33m.[39msend({
     [90m 35 |[39m 
                
name[33m:[39m 
[32m'Test Product'[
39m[33m,[39m[0m

      at 
Object.<anonymous> (p
roducts.e2e-spec.ts:3
2:32)

  ÔùÅ 
ProductsController 
(e2e) ÔÇ║ /products 
(POST) - Validation 
Error

    TypeError: 
request is not a 
function

    [0m [90m 45 
|[39m
     [90m 46 |[39m 
    
it([32m'/products 
(POST) - Validation E
rror'[39m[33m,[39m
 () [33m=>[39m {
    [31m[1m>[22m[
39m[90m 47 |[39m   
      
[36mreturn[39m requ
est(app[33m.[39mget
HttpServer())
     [90m    |[39m 
               
[31m[1m^[22m[39m
     [90m 48 |[39m 
            [33m.[3
9mpost([32m'/product
s'[39m)
     [90m 49 |[39m 
            
[33m.[39msend({
     [90m 50 |[39m 
                
name[33m:[39m [32m
''[39m[33m,[39m 
[90m// Empty 
name[39m[0m

      at 
Object.<anonymous> (p
roducts.e2e-spec.ts:4
7:16)

  ÔùÅ 
ProductsController 
(e2e) ÔÇ║ /products 
(GET)

    TypeError: 
request is not a 
function

    [0m [90m 55 
|[39m
     [90m 56 |[39m 
    
it([32m'/products (G
ET)'[39m[33m,[39m 
[36masync[39m () 
[33m=>[39m {
    [31m[1m>[22m[
39m[90m 57 |[39m   
      
[36mconst[39m 
response [33m=[39m 
[36mawait[39m reque
st(app[33m.[39mgetH
ttpServer())
     [90m    |[39m 
                     
          
[31m[1m^[22m[39m
     [90m 58 |[39m 
            [33m.[3
9m[36mget[39m([32m
'/products'[39m)
     [90m 59 |[39m 
            [33m.[3
9mexpect([35m200[39
m)[33m;[39m
     [90m 60 
|[39m[0m

      at 
Object.<anonymous> (p
roducts.e2e-spec.ts:5
7:32)

  ÔùÅ 
ProductsController 
(e2e) ÔÇ║ 
/products/:id (GET)

    TypeError: 
request is not a 
function

    [0m [90m 64 
|[39m
     [90m 65 |[39m 
    it([32m'/product
s/:id (GET)'[39m[33
m,[39m 
[36masync[39m () 
[33m=>[39m {
    [31m[1m>[22m[
39m[90m 66 |[39m   
      
[36mconst[39m 
response [33m=[39m 
[36mawait[39m reque
st(app[33m.[39mgetH
ttpServer())
     [90m    |[39m 
                     
          
[31m[1m^[22m[39m
     [90m 67 |[39m 
            [33m.[3
9m[36mget[39m([32m
`/products/${createdP
roductId}`[39m)
     [90m 68 |[39m 
            [33m.[3
9mexpect([35m200[39
m)[33m;[39m
     [90m 69 
|[39m[0m

      at 
Object.<anonymous> (p
roducts.e2e-spec.ts:6
6:32)

  ÔùÅ 
ProductsController 
(e2e) ÔÇ║ 
/products/:id (PATCH)

    TypeError: 
request is not a 
function

    [0m [90m 72 
|[39m
     [90m 73 |[39m 
    it([32m'/product
s/:id (PATCH)'[39m[
33m,[39m 
[36masync[39m () 
[33m=>[39m {
    [31m[1m>[22m[
39m[90m 74 |[39m   
      
[36mconst[39m 
response [33m=[39m 
[36mawait[39m reque
st(app[33m.[39mgetH
ttpServer())
     [90m    |[39m 
                     
          
[31m[1m^[22m[39m
     [90m 75 |[39m 
            [33m.[3
9mpatch([32m`/produc
ts/${createdProductId
}`[39m)
     [90m 76 |[39m 
            
[33m.[39msend({ 
price[33m:[39m 
[35m199.99[39m })
     [90m 77 |[39m 
            [33m.[3
9mexpect([35m200[39
m)[33m;[39m[0m

      at 
Object.<anonymous> (p
roducts.e2e-spec.ts:7
4:32)

  ÔùÅ 
ProductsController 
(e2e) ÔÇ║ 
/products/:id 
(DELETE)

    TypeError: 
request is not a 
function

    [0m [90m 81 
|[39m
     [90m 82 |[39m 
    it([32m'/product
s/:id (DELETE)'[39m
[33m,[39m () 
[33m=>[39m {
    [31m[1m>[22m[
39m[90m 83 |[39m   
      
[36mreturn[39m requ
est(app[33m.[39mget
HttpServer())
     [90m    |[39m 
               
[31m[1m^[22m[39m
     [90m 84 |[39m 
            [33m.[3
9m[36mdelete[39m([
32m`/products/${creat
edProductId}`[39m)
     [90m 85 |[39m 
            [33m.[3
9mexpect([35m200[39
m)[33m;[39m
     [90m 86 |[39m 
    })[33m;[39m[0m

      at 
Object.<anonymous> (p
roducts.e2e-spec.ts:8
3:16)

  ÔùÅ 
ProductsController 
(e2e) ÔÇ║ 
/products/:id (GET) 
- Not Found after 
delete

    TypeError: 
request is not a 
function

    [0m [90m 87 
|[39m
     [90m 88 |[39m 
    it([32m'/product
s/:id (GET) - Not 
Found after delete'[
39m[33m,[39m () 
[33m=>[39m {
    [31m[1m>[22m[
39m[90m 89 |[39m   
      
[36mreturn[39m requ
est(app[33m.[39mget
HttpServer())
     [90m    |[39m 
               
[31m[1m^[22m[39m
     [90m 90 |[39m 
            [33m.[3
9m[36mget[39m([32m
`/products/${createdP
roductId}`[39m)
     [90m 91 |[39m 
            [33m.[3
9mexpect([35m404[39
m)[33m;[39m
     [90m 92 |[39m 
    })[33m;[39m[0m

      at 
Object.<anonymous> (p
roducts.e2e-spec.ts:8
9:16)

Test Suites: 1 
failed, 1 total
Tests:       7 
failed, 7 total
Snapshots:   0 total
Time:        1.665 
s, estimated 3 s
Ran all test suites 
matching test/product
s.e2e-spec.ts.
